# benchmark run: 2026-05-01T09:46:12+02:00  sizes: 2000 1000 500
# benchmark run: 2026-05-01T10:05:38+02:00  sizes: 2000 1000 500

=== new n=2000 run1 ===
[perf] per-siRNA stage breakdown (N=2000, times are sums over all siRNAs):
  drain_deserialize_s: 9.128s  (avg 4.6ms/siRNA)
  drain_summary_s: 1.490s  (avg 0.7ms/siRNA)
  drain_write_s: 0.000s  (avg 0.0ms/siRNA)
  intersect_match_s: 282.715s  (avg 141.4ms/siRNA)
  intersect_ncls_build_s: 0.079s  (avg 0.0ms/siRNA)
  intersect_partition_preds_s: 372.575s  (avg 186.3ms/siRNA)
  intersect_partition_trans_s: 0.002s  (avg 0.0ms/siRNA)
  intersect_s: 848.937s  (avg 424.5ms/siRNA)
  load_s: 943.387s  (avg 471.7ms/siRNA)
  prob_s: 687.125s  (avg 343.6ms/siRNA)
  serialize_s: 10.676s  (avg 5.3ms/siRNA)
  total_s: 2490.125s  (avg 1245.1ms/siRNA)
  drain_wait_for_future_s: 0.007s  (avg 0.0ms/siRNA)
✓ Processed 173961189 predictions (no output file specified)
✓ Wrote 2000 .summary files to /var/tmp/results/new

=== new n=2000 run2 ===
[perf] per-siRNA stage breakdown (N=2000, times are sums over all siRNAs):
  drain_deserialize_s: 9.212s  (avg 4.6ms/siRNA)
  drain_summary_s: 1.023s  (avg 0.5ms/siRNA)
  drain_write_s: 0.000s  (avg 0.0ms/siRNA)
  intersect_match_s: 284.290s  (avg 142.1ms/siRNA)
  intersect_ncls_build_s: 0.082s  (avg 0.0ms/siRNA)
  intersect_partition_preds_s: 372.708s  (avg 186.4ms/siRNA)
  intersect_partition_trans_s: 0.002s  (avg 0.0ms/siRNA)
  intersect_s: 849.664s  (avg 424.8ms/siRNA)
  load_s: 93.698s  (avg 46.8ms/siRNA)
  prob_s: 691.228s  (avg 345.6ms/siRNA)
  serialize_s: 10.841s  (avg 5.4ms/siRNA)
  total_s: 1645.431s  (avg 822.7ms/siRNA)
  drain_wait_for_future_s: 0.007s  (avg 0.0ms/siRNA)
✓ Processed 173961189 predictions (no output file specified)
✓ Wrote 2000 .summary files to /var/tmp/results/new

=== new n=2000 run3 ===
[perf] per-siRNA stage breakdown (N=2000, times are sums over all siRNAs):
  drain_deserialize_s: 9.261s  (avg 4.6ms/siRNA)
  drain_summary_s: 1.027s  (avg 0.5ms/siRNA)
  drain_write_s: 0.000s  (avg 0.0ms/siRNA)
  intersect_match_s: 284.089s  (avg 142.0ms/siRNA)
  intersect_ncls_build_s: 0.081s  (avg 0.0ms/siRNA)
  intersect_partition_preds_s: 371.612s  (avg 185.8ms/siRNA)
  intersect_partition_trans_s: 0.002s  (avg 0.0ms/siRNA)
  intersect_s: 846.999s  (avg 423.5ms/siRNA)
  load_s: 93.065s  (avg 46.5ms/siRNA)
  prob_s: 690.202s  (avg 345.1ms/siRNA)
  serialize_s: 10.769s  (avg 5.4ms/siRNA)
  total_s: 1641.035s  (avg 820.5ms/siRNA)
  drain_wait_for_future_s: 0.007s  (avg 0.0ms/siRNA)
✓ Processed 173961189 predictions (no output file specified)
✓ Wrote 2000 .summary files to /var/tmp/results/new

=== new n=1000 run1 ===
[perf] per-siRNA stage breakdown (N=1000, times are sums over all siRNAs):
  drain_deserialize_s: 4.830s  (avg 4.8ms/siRNA)
  drain_summary_s: 0.548s  (avg 0.5ms/siRNA)
  drain_write_s: 0.000s  (avg 0.0ms/siRNA)
  intersect_match_s: 146.405s  (avg 146.4ms/siRNA)
  intersect_ncls_build_s: 0.042s  (avg 0.0ms/siRNA)
  intersect_partition_preds_s: 193.518s  (avg 193.5ms/siRNA)
  intersect_partition_trans_s: 0.001s  (avg 0.0ms/siRNA)
  intersect_s: 442.672s  (avg 442.7ms/siRNA)
  load_s: 57.690s  (avg 57.7ms/siRNA)
  prob_s: 352.342s  (avg 352.3ms/siRNA)
  serialize_s: 5.732s  (avg 5.7ms/siRNA)
  total_s: 858.435s  (avg 858.4ms/siRNA)
  drain_wait_for_future_s: 0.004s  (avg 0.0ms/siRNA)
✓ Processed 89526988 predictions (no output file specified)
✓ Wrote 1000 .summary files to /var/tmp/results/new

=== new n=1000 run2 ===
[perf] per-siRNA stage breakdown (N=1000, times are sums over all siRNAs):
  drain_deserialize_s: 4.670s  (avg 4.7ms/siRNA)
  drain_summary_s: 0.517s  (avg 0.5ms/siRNA)
  drain_write_s: 0.000s  (avg 0.0ms/siRNA)
  intersect_match_s: 146.692s  (avg 146.7ms/siRNA)
  intersect_ncls_build_s: 0.042s  (avg 0.0ms/siRNA)
  intersect_partition_preds_s: 193.475s  (avg 193.5ms/siRNA)
  intersect_partition_trans_s: 0.001s  (avg 0.0ms/siRNA)
  intersect_s: 443.211s  (avg 443.2ms/siRNA)
  load_s: 47.971s  (avg 48.0ms/siRNA)
  prob_s: 352.265s  (avg 352.3ms/siRNA)
  serialize_s: 5.747s  (avg 5.7ms/siRNA)
  total_s: 849.194s  (avg 849.2ms/siRNA)
  drain_wait_for_future_s: 0.003s  (avg 0.0ms/siRNA)
✓ Processed 89526988 predictions (no output file specified)
✓ Wrote 1000 .summary files to /var/tmp/results/new

=== new n=1000 run3 ===
[perf] per-siRNA stage breakdown (N=1000, times are sums over all siRNAs):
  drain_deserialize_s: 4.701s  (avg 4.7ms/siRNA)
  drain_summary_s: 0.522s  (avg 0.5ms/siRNA)
  drain_write_s: 0.000s  (avg 0.0ms/siRNA)
  intersect_match_s: 146.914s  (avg 146.9ms/siRNA)
  intersect_ncls_build_s: 0.042s  (avg 0.0ms/siRNA)
  intersect_partition_preds_s: 194.745s  (avg 194.7ms/siRNA)
  intersect_partition_trans_s: 0.001s  (avg 0.0ms/siRNA)
  intersect_s: 445.533s  (avg 445.5ms/siRNA)
  load_s: 48.572s  (avg 48.6ms/siRNA)
  prob_s: 352.762s  (avg 352.8ms/siRNA)
  serialize_s: 5.778s  (avg 5.8ms/siRNA)
  total_s: 852.645s  (avg 852.6ms/siRNA)
  drain_wait_for_future_s: 0.004s  (avg 0.0ms/siRNA)
✓ Processed 89526988 predictions (no output file specified)
✓ Wrote 1000 .summary files to /var/tmp/results/new

=== new n=500 run1 ===
[perf] per-siRNA stage breakdown (N=500, times are sums over all siRNAs):
  drain_deserialize_s: 2.350s  (avg 4.7ms/siRNA)
  drain_summary_s: 0.255s  (avg 0.5ms/siRNA)
  drain_write_s: 0.000s  (avg 0.0ms/siRNA)
  intersect_match_s: 75.248s  (avg 150.5ms/siRNA)
  intersect_ncls_build_s: 0.021s  (avg 0.0ms/siRNA)
  intersect_partition_preds_s: 99.522s  (avg 199.0ms/siRNA)
  intersect_partition_trans_s: 0.001s  (avg 0.0ms/siRNA)
  intersect_s: 225.987s  (avg 452.0ms/siRNA)
  load_s: 24.135s  (avg 48.3ms/siRNA)
  prob_s: 180.173s  (avg 360.3ms/siRNA)
  serialize_s: 3.207s  (avg 6.4ms/siRNA)
  total_s: 433.503s  (avg 867.0ms/siRNA)
  drain_wait_for_future_s: 0.002s  (avg 0.0ms/siRNA)
✓ Processed 45901829 predictions (no output file specified)
✓ Wrote 500 .summary files to /var/tmp/results/new

=== new n=500 run2 ===
[perf] per-siRNA stage breakdown (N=500, times are sums over all siRNAs):
  drain_deserialize_s: 2.378s  (avg 4.8ms/siRNA)
  drain_summary_s: 0.263s  (avg 0.5ms/siRNA)
  drain_write_s: 0.000s  (avg 0.0ms/siRNA)
  intersect_match_s: 75.350s  (avg 150.7ms/siRNA)
  intersect_ncls_build_s: 0.021s  (avg 0.0ms/siRNA)
  intersect_partition_preds_s: 99.849s  (avg 199.7ms/siRNA)
  intersect_partition_trans_s: 0.001s  (avg 0.0ms/siRNA)
  intersect_s: 226.195s  (avg 452.4ms/siRNA)
  load_s: 24.022s  (avg 48.0ms/siRNA)
  prob_s: 179.496s  (avg 359.0ms/siRNA)
  serialize_s: 3.224s  (avg 6.4ms/siRNA)
  total_s: 432.936s  (avg 865.9ms/siRNA)
  drain_wait_for_future_s: 0.002s  (avg 0.0ms/siRNA)
✓ Processed 45901829 predictions (no output file specified)
✓ Wrote 500 .summary files to /var/tmp/results/new

=== new n=500 run3 ===
[perf] per-siRNA stage breakdown (N=500, times are sums over all siRNAs):
  drain_deserialize_s: 2.358s  (avg 4.7ms/siRNA)
  drain_summary_s: 0.262s  (avg 0.5ms/siRNA)
  drain_write_s: 0.000s  (avg 0.0ms/siRNA)
  intersect_match_s: 75.462s  (avg 150.9ms/siRNA)
  intersect_ncls_build_s: 0.022s  (avg 0.0ms/siRNA)
  intersect_partition_preds_s: 98.842s  (avg 197.7ms/siRNA)
  intersect_partition_trans_s: 0.001s  (avg 0.0ms/siRNA)
  intersect_s: 225.437s  (avg 450.9ms/siRNA)
  load_s: 24.271s  (avg 48.5ms/siRNA)
  prob_s: 179.451s  (avg 358.9ms/siRNA)
  serialize_s: 3.168s  (avg 6.3ms/siRNA)
  total_s: 432.328s  (avg 864.7ms/siRNA)
  drain_wait_for_future_s: 0.002s  (avg 0.0ms/siRNA)
✓ Processed 45901829 predictions (no output file specified)
✓ Wrote 500 .summary files to /var/tmp/results/new
# benchmark run: 2026-05-04T14:21:01+02:00  sizes: 50

=== new n=50 run1 ===
[perf] per-siRNA stage breakdown (N=50, times are sums over all siRNAs):
  drain_deserialize_s: 0.162s  (avg 3.2ms/siRNA)
  drain_summary_s: 0.025s  (avg 0.5ms/siRNA)
  drain_write_s: 0.000s  (avg 0.0ms/siRNA)
  intersect_match_s: 5.547s  (avg 110.9ms/siRNA)
  intersect_ncls_build_s: 0.002s  (avg 0.0ms/siRNA)
  intersect_partition_preds_s: 7.236s  (avg 144.7ms/siRNA)
  intersect_partition_trans_s: 0.000s  (avg 0.0ms/siRNA)
  intersect_s: 16.786s  (avg 335.7ms/siRNA)
  load_s: 1.938s  (avg 38.8ms/siRNA)
  prob_s: 17.133s  (avg 342.7ms/siRNA)
  serialize_s: 0.748s  (avg 15.0ms/siRNA)
  total_s: 36.606s  (avg 732.1ms/siRNA)
  drain_wait_for_future_s: 0.000s  (avg 0.0ms/siRNA)
✓ Processed 2817819 predictions (no output file specified)
✓ Wrote 50 .summary files to /var/tmp/results/new

=== new n=50 run2 ===
[perf] per-siRNA stage breakdown (N=50, times are sums over all siRNAs):
  drain_deserialize_s: 0.161s  (avg 3.2ms/siRNA)
  drain_summary_s: 0.024s  (avg 0.5ms/siRNA)
  drain_write_s: 0.000s  (avg 0.0ms/siRNA)
  intersect_match_s: 5.442s  (avg 108.8ms/siRNA)
  intersect_ncls_build_s: 0.002s  (avg 0.0ms/siRNA)
  intersect_partition_preds_s: 7.362s  (avg 147.2ms/siRNA)
  intersect_partition_trans_s: 0.000s  (avg 0.0ms/siRNA)
  intersect_s: 16.813s  (avg 336.3ms/siRNA)
  load_s: 2.055s  (avg 41.1ms/siRNA)
  prob_s: 16.970s  (avg 339.4ms/siRNA)
  serialize_s: 0.734s  (avg 14.7ms/siRNA)
  total_s: 36.572s  (avg 731.4ms/siRNA)
  drain_wait_for_future_s: 0.000s  (avg 0.0ms/siRNA)
✓ Processed 2817819 predictions (no output file specified)
✓ Wrote 50 .summary files to /var/tmp/results/new

=== new n=50 run3 ===
[perf] per-siRNA stage breakdown (N=50, times are sums over all siRNAs):
  drain_deserialize_s: 0.163s  (avg 3.3ms/siRNA)
  drain_summary_s: 0.023s  (avg 0.5ms/siRNA)
  drain_write_s: 0.000s  (avg 0.0ms/siRNA)
  intersect_match_s: 5.417s  (avg 108.3ms/siRNA)
  intersect_ncls_build_s: 0.002s  (avg 0.0ms/siRNA)
  intersect_partition_preds_s: 7.421s  (avg 148.4ms/siRNA)
  intersect_partition_trans_s: 0.000s  (avg 0.0ms/siRNA)
  intersect_s: 16.873s  (avg 337.5ms/siRNA)
  load_s: 1.984s  (avg 39.7ms/siRNA)
  prob_s: 16.969s  (avg 339.4ms/siRNA)
  serialize_s: 0.755s  (avg 15.1ms/siRNA)
  total_s: 36.581s  (avg 731.6ms/siRNA)
  drain_wait_for_future_s: 0.000s  (avg 0.0ms/siRNA)
✓ Processed 2817819 predictions (no output file specified)
✓ Wrote 50 .summary files to /var/tmp/results/new
